Total: 2537.7ms
[    0.0ms] Script start
[   32.3ms] multiprocessing.freeze_support()
[   32.4ms] sys.path setup complete
[   64.3ms] import tkinter
[   68.7ms] import tkinter.ttk, messagebox
[   70.8ms] import datetime
[   70.8ms] pyautogui deferred (lazy import)
[   75.7ms] import filedialog
[   75.7ms] import logging, threading
[   80.5ms] import app_setting_data
[   80.5ms] automation.DwgBatchPrintAutomation deferred (lazy import)
[   93.3ms] import ui_setting
[   93.3ms] import wf_log
[ 1043.4ms] main() entry
[ 1043.4ms] Test mode: skipping single instance and cross-app checks
[ 1051.8ms] Creating Tk root window
[ 1178.9ms] Tk root created
[ 1667.1ms] __init__ started
[ 1667.2ms] Master and directory initialized
[ 2293.8ms] Adaptive UI settings loaded
[ 2316.3ms] Logger initialized
[ 2316.3ms] WFM availability checked
[ 2316.3ms] Config loaded
[ 2316.5ms] Custom settings applied
[ 2316.6ms] Basic variables initialized
[ 2316.6ms] UI-related variables initialized
[ 2317.6ms] About to set WM_DELETE_WINDOW protocol
[ 2317.6ms] About to call init_ui()
[ 2537.7ms] DwgBatchPrintGUIApplication initialized - UI ready
