============================================================
STARTUP PROFILING REPORT
============================================================
[    0.0ms] Script start
[    5.5ms] multiprocessing.freeze_support()
[    5.6ms] sys.path setup complete
[    5.6ms] import tkinter
[    7.4ms] import tkinter.ttk, messagebox
[    7.5ms] import datetime
[    7.5ms] pyautogui deferred (lazy import)
[   10.3ms] import filedialog, Path
[   10.8ms] import logging, threading
[   12.5ms] import app_setting_data
[   12.9ms] automation.BomAutomation deferred (lazy import)
[  264.3ms] import ui_setting
[  264.9ms] import wf_log
[  677.5ms] __init__ started
[  678.3ms] Master and directory initialized
[  751.8ms] Adaptive UI settings loaded
[  754.4ms] Logger initialized
[  755.6ms] WFM availability checked
[  758.0ms] Config loaded
[  758.8ms] Custom settings applied
[  759.2ms] Basic variables initialized
[  799.2ms] UI-related variables initialized
[  800.0ms] About to set WM_DELETE_WINDOW protocol
[  800.4ms] About to call init_ui()
[  800.9ms] BomGUIApplication initialized - UI ready

Total startup time: 800.9ms
============================================================
